export const snapshot = {};

snapshot[`HTTP server 1`] = `
[
  {
    apiName: "cainiao",
    destinationCountry: "Israel",
    events: [
      {
        code: "IMPORT_CUSTOMS_CLEARANCE_SUCCESS",
        description: "Import customs clearance complete",
        time: "2023-01-29T00:31:00.000Z",
      },
      {
        code: "DEPARTED_FROM_CUSTOMS",
        description: "Departed from customs",
        time: "2023-01-29T00:31:00.000Z",
      },
      {
        code: "ARRIVED_AT_CUSTOMS",
        description: "Arrived at customs",
        time: "2023-01-28T21:00:00.000Z",
      },
      {
        code: "ARRIVED_AT_CUSTOMS",
        description: "Carrier update",
        time: "2023-01-28T21:00:00.000Z",
      },
      {
        code: "ARRIVED_AT_LINEHAUL_OFFICE",
        description: "Arrived at linehual office",
        time: "2023-01-27T05:23:00.000Z",
      },
      {
        code: "DEPARTED_ORIGIN_COUNTRY",
        description: "Departed from departure country/region",
        time: "2023-01-26T15:18:00.000Z",
      },
      {
        code: "IMPORT_CUSTOMS_CLEARANCE_STARTED",
        description: "Import customs clearance started",
        time: "2023-01-26T01:47:00.000Z",
      },
      {
        code: "LH_HO_AIRLINE",
        description: "Leaving from departure country/region",
        time: "2023-01-26T00:00:00.000Z",
      },
      {
        code: "EXPORT_CUSTOMS_CLEARANCE_SUCCESS",
        description: "Export customs clearance complete",
        time: "2023-01-25T06:55:42.000Z",
      },
      {
        code: "EXPORT_CUSTOMS_CLEARANCE_STARTED",
        description: "Export customs clearance started",
        time: "2023-01-25T06:35:19.000Z",
      },
      {
        code: "TRANSIT_PORT_REROUTE_CALLBACK",
        description: "Carrier update",
        time: "2023-01-25T03:50:38.471Z",
      },
      {
        code: "LH_HO_IN_SUCCESS",
        description: "Arrived at departure transport hub",
        time: "2023-01-25T00:25:15.000Z",
      },
      {
        code: "DEPARTED_FROM_SORTING_CENTER",
        description: "[Shatian Town] Departed from sorting center",
        time: "2023-01-24T12:54:35.000Z",
      },
      {
        code: "ACCEPTED_BY_CARRIER",
        description: "Received by logistics company",
        time: "2023-01-24T12:20:21.000Z",
      },
      {
        code: "ARRIVED_AT_SORTING_CENTER",
        description: "[Shatian Town] Processing at sorting center",
        time: "2023-01-24T12:20:21.000Z",
      },
      {
        code: "WMS_CONFIRMED",
        description: "Carrier update",
        time: "2023-01-24T03:30:03.862Z",
      },
      {
        code: "DISPATCHED_FROM_WAREHOUSE",
        description: "Package shipped out from warehouse",
        time: "2023-01-24T03:30:03.000Z",
      },
      {
        code: "PACKAGING_COMPLETED",
        description: "Package ready for shipping from warehouse",
        time: "2023-01-24T03:26:28.216Z",
      },
      {
        code: "SHIPMENT_INFO_RECEIVED",
        description: "Shipment information received by warehouse electronically",
        time: "2023-01-23T17:59:33.895Z",
      },
    ],
    fetchedAt: "2020-01-01T00:00:00.000Z",
    originCountry: "Mainland China",
    trackingNumber: "AE010698498",
  },
]
`;
